BL51 BANKED LINKER/LOCATER V6.22                                                        03/20/2018  17:55:10  PAGE 1


BL51 BANKED LINKER/LOCATER V6.22, INVOKED BY:
F:\KEIL\C51\BIN\BL51.EXE .\Objects\STARTUP.obj, .\Objects\test.obj TO .\Objects\test PRINT (.\Listings\test.m51) RAMSIZE
>>  (256)


MEMORY MODEL: SMALL WITH FLOATING POINT ARITHMETIC


INPUT MODULES INCLUDED:
  .\Objects\STARTUP.obj (?C_STARTUP)
  .\Objects\test.obj (TEST)
  F:\KEIL\C51\LIB\C51FPS.LIB (?C?FPADD)
  F:\KEIL\C51\LIB\C51FPS.LIB (?C?FPMUL)
  F:\KEIL\C51\LIB\C51FPS.LIB (?C?FPDIV)
  F:\KEIL\C51\LIB\C51FPS.LIB (?C?FCAST)
  F:\KEIL\C51\LIB\C51FPS.LIB (?C?CASTF)
  F:\KEIL\C51\LIB\C51FPS.LIB (?C?FPGETOPN)
  F:\KEIL\C51\LIB\C51S.LIB (?C?CLDPTR)
  F:\KEIL\C51\LIB\C51S.LIB (?C?LMUL)
  F:\KEIL\C51\LIB\C51S.LIB (?C?LNEG)
  F:\KEIL\C51\LIB\C51S.LIB (?C?ULSHR)
  F:\KEIL\C51\LIB\C51S.LIB (?C?SLSHR)
  F:\KEIL\C51\LIB\C51S.LIB (?C?LSHL)


LINK MAP OF MODULE:  .\Objects\test (?C_STARTUP)


            TYPE    BASE      LENGTH    RELOCATION   SEGMENT NAME
            -----------------------------------------------------

            * * * * * * *   D A T A   M E M O R Y   * * * * * * *
            REG     0000H     0008H     ABSOLUTE     "REG BANK 0"
            REG     0008H     0008H     ABSOLUTE     "REG BANK 1"
                    0010H     0010H                  *** GAP ***
            BIT     0020H.0   0000H.1   UNIT         ?BI?TEST
                    0020H.1   0000H.7                *** GAP ***
            DATA    0021H     0029H     UNIT         ?DT?TEST
            DATA    004AH     0023H     UNIT         _DATA_GROUP_
            IDATA   006DH     0001H     UNIT         ?STACK

            * * * * * * *   C O D E   M E M O R Y   * * * * * * *
            CODE    0000H     0003H     ABSOLUTE     
            CODE    0003H     001FH     UNIT         ?PR?_BMP280_READBYTE?TEST
                    0022H     0001H                  *** GAP ***
            CODE    0023H     0003H     ABSOLUTE     
            CODE    0026H     0509H     UNIT         ?PR?BMP280_GETVALUE?TEST
            CODE    052FH     040DH     UNIT         ?C?LIB_CODE
            CODE    093CH     008BH     UNIT         ?PR?BMP280_INIT?TEST
            CODE    09C7H     0079H     UNIT         ?PR?_BMP280_MULTIPLEREADTHREE?TEST
            CODE    0A40H     0054H     UNIT         ?PR?MAIN?TEST
            CODE    0A94H     0033H     UNIT         ?PR?_PRINTHEX?TEST
            CODE    0AC7H     0025H     UNIT         ?PR?_UART1SENDSTR?TEST
            CODE    0AECH     0022H     UNIT         ?PR?UART1INT?TEST
            CODE    0B0EH     001CH     UNIT         ?PR?_DELAY_MS?TEST
            CODE    0B2AH     0018H     UNIT         ?PR?_BMP280_MULTIPLEREADTWO?TEST
            CODE    0B42H     0017H     UNIT         ?PR?UART1INIT?TEST
            CODE    0B59H     0017H     UNIT         ?PR?_BMP280_WRITEBYTE?TEST
BL51 BANKED LINKER/LOCATER V6.22                                                      03/20/2018  17:55:10  PAGE 2


            CODE    0B70H     0014H     UNIT         ?PR?I2C_RECVACK?TEST
            CODE    0B84H     000FH     UNIT         ?PR?I2C_WAIT?TEST
            CODE    0B93H     000FH     UNIT         ?PR?I2C_RECVDATA?TEST
            CODE    0BA2H     000FH     UNIT         ?PR?I2C_SENDNAK?TEST
            CODE    0BB1H     000FH     UNIT         ?PR?I2C_INIT?TEST
            CODE    0BC0H     000FH     UNIT         ?CO?TEST
            CODE    0BCFH     000EH     UNIT         ?PR?_I2C_SENDDATA?TEST
            CODE    0BDDH     000EH     UNIT         ?PR?I2C_SENDACK?TEST
            CODE    0BEBH     000CH     UNIT         ?C_C51STARTUP
            CODE    0BF7H     0009H     UNIT         ?PR?I2C_START?TEST
            CODE    0C00H     0009H     UNIT         ?PR?I2C_STOP?TEST
            CODE    0C09H     0008H     UNIT         ?PR?_UART1SENDBYTE?TEST



OVERLAY MAP OF MODULE:   .\Objects\test (?C_STARTUP)


SEGMENT                                      DATA_GROUP 
  +--> CALLED SEGMENT                      START    LENGTH
----------------------------------------------------------
?C_C51STARTUP                              -----    -----
  +--> ?PR?MAIN?TEST

?PR?MAIN?TEST                              004AH    0005H
  +--> ?PR?I2C_INIT?TEST
  +--> ?PR?UART1INIT?TEST
  +--> ?PR?BMP280_INIT?TEST
  +--> ?PR?BMP280_GETVALUE?TEST
  +--> ?CO?TEST
  +--> ?PR?_UART1SENDSTR?TEST
  +--> ?PR?_PRINTHEX?TEST
  +--> ?PR?_DELAY_MS?TEST

?PR?BMP280_INIT?TEST                       004FH    0001H
  +--> ?PR?_BMP280_WRITEBYTE?TEST
  +--> ?PR?_BMP280_MULTIPLEREADTWO?TEST
  +--> ?PR?_DELAY_MS?TEST

?PR?_BMP280_WRITEBYTE?TEST                 -----    -----
  +--> ?PR?I2C_START?TEST
  +--> ?PR?_I2C_SENDDATA?TEST
  +--> ?PR?I2C_RECVACK?TEST
  +--> ?PR?I2C_STOP?TEST

?PR?I2C_START?TEST                         -----    -----
  +--> ?PR?I2C_WAIT?TEST

?PR?_I2C_SENDDATA?TEST                     -----    -----
  +--> ?PR?I2C_WAIT?TEST

?PR?I2C_RECVACK?TEST                       -----    -----
  +--> ?PR?_I2C_SENDDATA?TEST
  +--> ?PR?I2C_WAIT?TEST

?PR?I2C_STOP?TEST                          -----    -----
  +--> ?PR?I2C_WAIT?TEST
BL51 BANKED LINKER/LOCATER V6.22                                                      03/20/2018  17:55:10  PAGE 3



?PR?_BMP280_MULTIPLEREADTWO?TEST           -----    -----
  +--> ?PR?_BMP280_READBYTE?TEST

?PR?_BMP280_READBYTE?TEST                  -----    -----
  +--> ?PR?I2C_START?TEST
  +--> ?PR?I2C_RECVACK?TEST
  +--> ?PR?_I2C_SENDDATA?TEST
  +--> ?PR?I2C_RECVDATA?TEST
  +--> ?PR?I2C_SENDNAK?TEST
  +--> ?PR?I2C_STOP?TEST

?PR?I2C_RECVDATA?TEST                      -----    -----
  +--> ?PR?I2C_WAIT?TEST

?PR?I2C_SENDNAK?TEST                       -----    -----
  +--> ?PR?I2C_WAIT?TEST

?PR?BMP280_GETVALUE?TEST                   004FH    001CH
  +--> ?PR?_BMP280_MULTIPLEREADTHREE?TEST

?PR?_BMP280_MULTIPLEREADTHREE?TEST         006BH    0002H
  +--> ?PR?_BMP280_READBYTE?TEST

?PR?_UART1SENDSTR?TEST                     004FH    0003H
  +--> ?PR?_UART1SENDBYTE?TEST

?PR?_PRINTHEX?TEST                         -----    -----
  +--> ?PR?_UART1SENDBYTE?TEST



SYMBOL TABLE OF MODULE:  .\Objects\test (?C_STARTUP)

  VALUE           TYPE          NAME
  ----------------------------------

  -------         MODULE        ?C_STARTUP
  C:0BEBH         SEGMENT       ?C_C51STARTUP
  I:006DH         SEGMENT       ?STACK
  C:0000H         PUBLIC        ?C_STARTUP
  D:00E0H         SYMBOL        ACC
  D:00F0H         SYMBOL        B
  D:0083H         SYMBOL        DPH
  D:0082H         SYMBOL        DPL
  N:0000H         SYMBOL        IBPSTACK
  N:0100H         SYMBOL        IBPSTACKTOP
  N:0080H         SYMBOL        IDATALEN
  C:0BEEH         SYMBOL        IDATALOOP
  N:0000H         SYMBOL        PBPSTACK
  N:0100H         SYMBOL        PBPSTACKTOP
  N:0000H         SYMBOL        PDATALEN
  N:0000H         SYMBOL        PDATASTART
  N:0000H         SYMBOL        PPAGE
  N:0000H         SYMBOL        PPAGEENABLE
  D:00A0H         SYMBOL        PPAGE_SFR
  D:0081H         SYMBOL        SP
BL51 BANKED LINKER/LOCATER V6.22                                                      03/20/2018  17:55:10  PAGE 4


  C:0BEBH         SYMBOL        STARTUP1
  N:0000H         SYMBOL        XBPSTACK
  N:0000H         SYMBOL        XBPSTACKTOP
  N:0000H         SYMBOL        XDATALEN
  N:0000H         SYMBOL        XDATASTART
  C:0000H         LINE#         126
  C:0BEBH         LINE#         133
  C:0BEDH         LINE#         134
  C:0BEEH         LINE#         135
  C:0BEFH         LINE#         136
  C:0BF1H         LINE#         185
  C:0BF4H         LINE#         196
  -------         ENDMOD        ?C_STARTUP

  -------         MODULE        TEST
  C:0000H         SYMBOL        _ICE_DUMMY_
  D:0080H         PUBLIC        P0
  D:0090H         PUBLIC        P1
  C:0B7BH         PUBLIC        I2C_RecvACK
  D:00A0H         PUBLIC        P2
  D:00B0H         PUBLIC        P3
  D:00C0H         PUBLIC        P4
  D:00C8H         PUBLIC        P5
  B:00A8H.7       PUBLIC        EA
  D:00E8H         PUBLIC        P6
  C:0BA2H         PUBLIC        I2C_SendNAK
  D:00F8H         PUBLIC        P7
  C:09C7H         PUBLIC        _bmp280_MultipleReadThree
  D:00BAH         PUBLIC        P_SW2
  D:00A8H         PUBLIC        IE
  D:0021H         PUBLIC        dig_P1
  C:0AC7H         PUBLIC        _Uart1SendStr
  D:0023H         PUBLIC        dig_P2
  B:00A8H.4       PUBLIC        ES
  D:0025H         PUBLIC        dig_P3
  D:00B8H         PUBLIC        IP
  D:0027H         PUBLIC        dig_P4
  D:0029H         PUBLIC        dig_P5
  D:002BH         PUBLIC        dig_T1
  B:0098H.0       PUBLIC        RI
  D:002DH         PUBLIC        dig_P6
  D:002FH         PUBLIC        dig_T2
  D:0031H         PUBLIC        dig_P7
  D:0033H         PUBLIC        dig_T3
  B:0098H.1       PUBLIC        TI
  D:0035H         PUBLIC        dig_P8
  D:0037H         PUBLIC        dig_P9
  D:00D8H         PUBLIC        CCON
  C:0A40H         PUBLIC        main
  C:0BCFH         PUBLIC        _I2C_SendData
  C:0B93H         PUBLIC        I2C_RecvData
  D:0039H         PUBLIC        Uart1Buffer
  C:0BF7H         PUBLIC        I2C_Start
  D:0099H         PUBLIC        SBUF
  D:0098H         PUBLIC        SCON
  C:0BB1H         PUBLIC        I2C_Init
  D:0089H         PUBLIC        TMOD
BL51 BANKED LINKER/LOCATER V6.22                                                      03/20/2018  17:55:10  PAGE 5


  D:0088H         PUBLIC        TCON
  C:0B84H         PUBLIC        I2C_Wait
  D:0049H         PUBLIC        bufferPtr
  D:008EH         PUBLIC        AUXR
  C:0C00H         PUBLIC        I2C_Stop
  C:0B2AH         PUBLIC        _bmp280_MultipleReadTwo
  D:008DH         PUBLIC        TH1
  C:0003H         PUBLIC        _bmp280_ReadByte
  D:008BH         PUBLIC        TL1
  C:093CH         PUBLIC        bmp280_Init
  B:0020H.0       PUBLIC        Uart1_BusyFlag
  C:0B0EH         PUBLIC        _delay_ms
  C:0AA1H         PUBLIC        _printHex
  B:0088H.6       PUBLIC        TR1
  C:0026H         PUBLIC        bmp280_GetValue
  C:0B59H         PUBLIC        _bmp280_WriteByte
  C:0B42H         PUBLIC        Uart1Init
  C:0C09H         PUBLIC        _Uart1SendByte
  D:00D0H         PUBLIC        PSW
  C:0BDDH         PUBLIC        I2C_SendACK
  C:0AECH         PUBLIC        Uart1Int
  -------         PROC          _DELAY_MS
  D:0006H         SYMBOL        x
  -------         DO            
  D:0005H         SYMBOL        i
  D:0004H         SYMBOL        j
  -------         ENDDO         
  C:0B0EH         LINE#         39
  C:0B0EH         LINE#         40
  C:0B0EH         LINE#         43
  C:0B1FH         LINE#         44
  C:0B1FH         LINE#         45
  C:0B21H         LINE#         46
  C:0B23H         LINE#         48
  C:0B23H         LINE#         49
  C:0B25H         LINE#         50
  C:0B27H         LINE#         51
  C:0B29H         LINE#         52
  -------         ENDPROC       _DELAY_MS
  -------         PROC          UART1INT
  C:0AECH         LINE#         54
  C:0AF3H         LINE#         57
  C:0AF6H         LINE#         58
  C:0AF6H         LINE#         59
  C:0AF8H         LINE#         60
  C:0AFAH         LINE#         61
  C:0AFAH         LINE#         62
  C:0AFDH         LINE#         63
  C:0AFDH         LINE#         64
  C:0AFFH         LINE#         65
  C:0B09H         LINE#         66
  C:0B09H         LINE#         67
  -------         ENDPROC       UART1INT
  -------         PROC          UART1INIT
  C:0B42H         LINE#         69
  C:0B42H         LINE#         70
  C:0B42H         LINE#         72
BL51 BANKED LINKER/LOCATER V6.22                                                      03/20/2018  17:55:10  PAGE 6


  C:0B45H         LINE#         74
  C:0B48H         LINE#         76
  C:0B4BH         LINE#         77
  C:0B4EH         LINE#         78
  C:0B51H         LINE#         79
  C:0B53H         LINE#         81
  C:0B56H         LINE#         82
  C:0B58H         LINE#         83
  -------         ENDPROC       UART1INIT
  -------         PROC          _UART1SENDBYTE
  D:0007H         SYMBOL        dat
  C:0C09H         LINE#         85
  C:0C09H         LINE#         86
  C:0C09H         LINE#         87
  C:0C0CH         LINE#         88
  C:0C0EH         LINE#         89
  C:0C10H         LINE#         90
  -------         ENDPROC       _UART1SENDBYTE
  -------         PROC          _UART1SENDSTR
  D:004FH         SYMBOL        p
  C:0AC7H         LINE#         92
  C:0ACDH         LINE#         93
  C:0ACDH         LINE#         94
  C:0AD8H         LINE#         95
  C:0AD8H         LINE#         96
  C:0AE9H         LINE#         97
  C:0AEBH         LINE#         98
  -------         ENDPROC       _UART1SENDSTR
  -------         PROC          I2C_WAIT
  C:0B84H         LINE#         103
  C:0B84H         LINE#         104
  C:0B84H         LINE#         105
  C:0B8BH         LINE#         107
  C:0B92H         LINE#         108
  -------         ENDPROC       I2C_WAIT
  -------         PROC          I2C_START
  C:0BF7H         LINE#         110
  C:0BF7H         LINE#         111
  C:0BF7H         LINE#         112
  C:0BFDH         LINE#         113
  -------         ENDPROC       I2C_START
  -------         PROC          _I2C_SENDDATA
  D:0007H         SYMBOL        dat
  C:0BCFH         LINE#         116
  C:0BCFH         LINE#         117
  C:0BCFH         LINE#         118
  C:0BD4H         LINE#         119
  C:0BDAH         LINE#         120
  -------         ENDPROC       _I2C_SENDDATA
  -------         PROC          L?0052
  -------         ENDPROC       L?0052
  -------         PROC          I2C_RECVACK
  C:0B7BH         LINE#         123
  C:0B7BH         LINE#         124
  C:0B7BH         LINE#         125
  C:0B81H         LINE#         126
  -------         ENDPROC       I2C_RECVACK
BL51 BANKED LINKER/LOCATER V6.22                                                      03/20/2018  17:55:10  PAGE 7


  -------         PROC          I2C_RECVDATA
  C:0B93H         LINE#         129
  C:0B93H         LINE#         130
  C:0B93H         LINE#         131
  C:0B99H         LINE#         132
  C:0B9CH         LINE#         133
  C:0BA1H         LINE#         134
  -------         ENDPROC       I2C_RECVDATA
  -------         PROC          I2C_SENDACK
  C:0BDDH         LINE#         136
  C:0BDDH         LINE#         137
  C:0BDDH         LINE#         138
  C:0BE2H         LINE#         139
  C:0BE8H         LINE#         140
  -------         ENDPROC       I2C_SENDACK
  -------         PROC          I2C_SENDNAK
  C:0BA2H         LINE#         143
  C:0BA2H         LINE#         144
  C:0BA2H         LINE#         145
  C:0BA8H         LINE#         146
  C:0BAEH         LINE#         147
  -------         ENDPROC       I2C_SENDNAK
  -------         PROC          I2C_STOP
  C:0C00H         LINE#         150
  C:0C00H         LINE#         151
  C:0C00H         LINE#         152
  C:0C06H         LINE#         153
  -------         ENDPROC       I2C_STOP
  -------         PROC          I2C_INIT
  C:0BB1H         LINE#         156
  C:0BB1H         LINE#         157
  C:0BB1H         LINE#         158
  C:0BB4H         LINE#         159
  C:0BBAH         LINE#         160
  C:0BBFH         LINE#         161
  -------         ENDPROC       I2C_INIT
  C:0A9CH         SYMBOL        L?0051
  -------         PROC          L?0050
  -------         ENDPROC       L?0050
  C:0A9CH         SYMBOL        L?0051
  -------         PROC          _PRINTHEX
  D:0006H         SYMBOL        i
  -------         DO            
  D:0005H         SYMBOL        j
  -------         ENDDO         
  C:0AA1H         LINE#         163
  C:0AA3H         LINE#         164
  C:0AA3H         LINE#         167
  C:0AA5H         LINE#         168
  C:0AA5H         LINE#         169
  C:0AA8H         LINE#         170
  C:0AA8H         LINE#         171
  C:0AADH         LINE#         172
  C:0AADH         LINE#         174
  C:0AB1H         LINE#         175
  C:0AB1H         LINE#         176
  C:0AB3H         LINE#         177
BL51 BANKED LINKER/LOCATER V6.22                                                      03/20/2018  17:55:10  PAGE 8


  C:0AB5H         LINE#         179
  C:0AB5H         LINE#         180
  C:0ABAH         LINE#         181
  C:0ABAH         LINE#         182
  C:0ABEH         LINE#         183
  C:0AC2H         LINE#         185
  -------         ENDPROC       _PRINTHEX
  -------         PROC          _BMP280_READBYTE
  D:0006H         SYMBOL        addr
  -------         DO            
  D:0007H         SYMBOL        temp
  -------         ENDDO         
  C:0003H         LINE#         188
  C:0005H         LINE#         189
  C:0005H         LINE#         192
  C:0008H         LINE#         193
  C:000AH         LINE#         194
  C:000AH         LINE#         195
  C:000AH         LINE#         196
  C:000DH         LINE#         198
  C:0010H         LINE#         199
  C:0015H         LINE#         200
  C:0018H         LINE#         201
  C:001BH         LINE#         202
  C:001EH         LINE#         203
  C:0021H         LINE#         205
  C:0021H         LINE#         206
  -------         ENDPROC       _BMP280_READBYTE
  -------         PROC          _BMP280_WRITEBYTE
  D:0005H         SYMBOL        addr
  D:0006H         SYMBOL        dat
  C:0B59H         LINE#         208
  C:0B5DH         LINE#         209
  C:0B5DH         LINE#         210
  C:0B60H         LINE#         211
  C:0B65H         LINE#         212
  C:0B68H         LINE#         213
  C:0B6AH         LINE#         214
  C:0B6AH         LINE#         215
  C:0B6AH         LINE#         216
  C:0B6DH         LINE#         217
  -------         ENDPROC       _BMP280_WRITEBYTE
  -------         PROC          _BMP280_MULTIPLEREADTHREE
  D:0003H         SYMBOL        addr
  -------         DO            
  D:006BH         SYMBOL        msb
  D:0005H         SYMBOL        lsb
  D:006CH         SYMBOL        xlsb
  D:0004H         SYMBOL        temp
  -------         ENDDO         
  C:09C7H         LINE#         220
  C:09C9H         LINE#         221
  C:09C9H         LINE#         223
  C:09CFH         LINE#         224
  C:09D6H         LINE#         225
  C:09DEH         LINE#         226
  C:09E7H         LINE#         228
BL51 BANKED LINKER/LOCATER V6.22                                                      03/20/2018  17:55:10  PAGE 9


  C:0A3FH         LINE#         230
  C:0A3FH         LINE#         231
  -------         ENDPROC       _BMP280_MULTIPLEREADTHREE
  -------         PROC          _BMP280_MULTIPLEREADTWO
  D:0005H         SYMBOL        addr
  -------         DO            
  D:0007H         SYMBOL        msb
  D:0004H         SYMBOL        lsb
  D:0006H         SYMBOL        temp
  -------         ENDDO         
  C:0B2AH         LINE#         233
  C:0B2CH         LINE#         234
  C:0B2CH         LINE#         236
  C:0B2EH         LINE#         237
  C:0B35H         LINE#         238
  C:0B3BH         LINE#         240
  C:0B3DH         LINE#         241
  C:0B41H         LINE#         243
  C:0B41H         LINE#         244
  -------         ENDPROC       _BMP280_MULTIPLEREADTWO
  -------         PROC          BMP280_INIT
  -------         DO            
  D:004FH         SYMBOL        temp
  -------         ENDDO         
  C:093CH         LINE#         246
  C:093CH         LINE#         247
  C:093CH         LINE#         248
  C:093FH         LINE#         251
  C:0946H         LINE#         261
  C:094DH         LINE#         263
  C:0954H         LINE#         265
  C:095DH         LINE#         266
  C:0966H         LINE#         267
  C:096FH         LINE#         268
  C:0978H         LINE#         269
  C:0981H         LINE#         270
  C:098AH         LINE#         271
  C:0993H         LINE#         272
  C:099CH         LINE#         273
  C:09A5H         LINE#         274
  C:09AEH         LINE#         275
  C:09B7H         LINE#         276
  C:09C0H         LINE#         278
  -------         ENDPROC       BMP280_INIT
  -------         PROC          BMP280_GETVALUE
  -------         DO            
  D:004FH         SYMBOL        adc_T
  D:0053H         SYMBOL        adc_P
  D:0057H         SYMBOL        var1
  D:005BH         SYMBOL        var2
  D:005FH         SYMBOL        t_fine
  D:0063H         SYMBOL        T
  D:0067H         SYMBOL        p
  -------         ENDDO         
  C:0026H         LINE#         281
  C:0026H         LINE#         282
  C:0026H         LINE#         287
BL51 BANKED LINKER/LOCATER V6.22                                                      03/20/2018  17:55:10  PAGE 10


  C:0033H         LINE#         288
  C:0040H         LINE#         305
  C:0046H         LINE#         306
  C:0046H         LINE#         307
  C:004BH         LINE#         308
  C:004BH         LINE#         311
  C:00B4H         LINE#         312
  C:016FH         LINE#         314
  C:018AH         LINE#         316
  C:01B6H         LINE#         318
  C:01E0H         LINE#         319
  C:021EH         LINE#         320
  C:0278H         LINE#         321
  C:02BEH         LINE#         322
  C:035BH         LINE#         323
  C:0398H         LINE#         324
  C:03C1H         LINE#         325
  C:0433H         LINE#         326
  C:048DH         LINE#         327
  C:04C8H         LINE#         328
  C:052EH         LINE#         330
  C:052EH         LINE#         331
  -------         ENDPROC       BMP280_GETVALUE
  -------         PROC          MAIN
  -------         DO            
  D:004AH         SYMBOL        temp
  D:004EH         SYMBOL        u8
  -------         ENDDO         
  C:0A40H         LINE#         333
  C:0A40H         LINE#         334
  C:0A40H         LINE#         338
  C:0A43H         LINE#         339
  C:0A46H         LINE#         340
  C:0A49H         LINE#         341
  C:0A4BH         LINE#         342
  C:0A4DH         LINE#         344
  C:0A4DH         LINE#         345
  C:0A4DH         LINE#         346
  C:0A58H         LINE#         349
  C:0A61H         LINE#         350
  C:0A63H         LINE#         351
  C:0A66H         LINE#         352
  C:0A68H         LINE#         353
  C:0A6BH         LINE#         354
  C:0A75H         LINE#         355
  C:0A78H         LINE#         356
  C:0A7DH         LINE#         357
  C:0A82H         LINE#         359
  C:0A8BH         LINE#         361
  C:0A92H         LINE#         362
  -------         ENDPROC       MAIN
  -------         ENDMOD        TEST

  -------         MODULE        ?C?FPADD
  C:0536H         PUBLIC        ?C?FPADD
  C:0532H         PUBLIC        ?C?FPSUB
  -------         ENDMOD        ?C?FPADD
BL51 BANKED LINKER/LOCATER V6.22                                                      03/20/2018  17:55:10  PAGE 11



  -------         MODULE        ?C?FPMUL
  C:0627H         PUBLIC        ?C?FPMUL
  -------         ENDMOD        ?C?FPMUL

  -------         MODULE        ?C?FPDIV
  C:0730H         PUBLIC        ?C?FPDIV
  -------         ENDMOD        ?C?FPDIV

  -------         MODULE        ?C?FCAST
  C:07D7H         PUBLIC        ?C?FCASTC
  C:07D2H         PUBLIC        ?C?FCASTI
  C:07CDH         PUBLIC        ?C?FCASTL
  -------         ENDMOD        ?C?FCAST

  -------         MODULE        ?C?CASTF
  C:080BH         PUBLIC        ?C?CASTF
  -------         ENDMOD        ?C?CASTF

  -------         MODULE        ?C?CLDPTR
  C:088CH         PUBLIC        ?C?CLDPTR
  -------         ENDMOD        ?C?CLDPTR

  -------         MODULE        ?C?LMUL
  C:08A5H         PUBLIC        ?C?LMUL
  -------         ENDMOD        ?C?LMUL

  -------         MODULE        ?C?LNEG
  C:08F4H         PUBLIC        ?C?LNEG
  -------         ENDMOD        ?C?LNEG

  -------         MODULE        ?C?ULSHR
  C:0902H         PUBLIC        ?C?ULSHR
  -------         ENDMOD        ?C?ULSHR

  -------         MODULE        ?C?SLSHR
  C:0915H         PUBLIC        ?C?SLSHR
  -------         ENDMOD        ?C?SLSHR

  -------         MODULE        ?C?LSHL
  C:0929H         PUBLIC        ?C?LSHL
  -------         ENDMOD        ?C?LSHL

*** WARNING L16: UNCALLED SEGMENT, IGNORED FOR OVERLAY PROCESS
    SEGMENT: ?PR?I2C_SENDACK?TEST

Program Size: data=93.1 xdata=0 code=3088
LINK/LOCATE RUN COMPLETE.  1 WARNING(S),  0 ERROR(S)
